grass.png
grass2.png
stonefloor.png
bricks.png
arch.png
bars.png
begin.png
exit.png
bricks_blood.png
bricks_candles.png
CrusaderAttack0.png
CrusaderAttack1.png
CrusaderStanding0.png
CrusaderStanding1.png
StrongDemonAttack0.png
StrongDemonAttack1.png
StrongDemonStanding0.png
StrongDemonStanding1.png
WeakDemonAttack0.png
WeakDemonAttack1.png
WeakDemonStanding0.png
WeakDemonStanding1.png
WarthogAttack0.png
WarthogAttack1.png
WarthogStanding0.png
WarthogStanding1.png
EvilSpiritAttack0.png
EvilSpiritAttack1.png
EvilSpiritStanding0.png
EvilSpiritStanding1.png
FallenAttack0.png
FallenAttack1.png
FallenStanding0.png
FallenStanding1.png
MonkAttack0.png
MonkAttack1.png
MonkStanding0.png
MonkStanding1.png
CocoonStanding0.png
CocoonStanding1.png
shadow.png
ceiling.png
ceilingdoor.png
ceilingbegin.png
ceilingend.png
splat0.png
splat1.png
splat2.png
ceilingbars.png
clouds.png
stonegrassfar.png
grassstonefar.png
stonegrassnear.png
grassstonenear.png
cross.png
crossbow.png
falcata.png
shield.png
rope.png
slot.png
seal.png
door.png
cobblestone.png
fence.png